<?xml version="1.0" encoding="UTF-8"?>
<project xmlns="http://maven.apache.org/POM/4.0.0" xmlns:xsi="http://www.w3.org/2001/XMLSchema-instance" xsi:schemaLocation="http://maven.apache.org/POM/4.0.0 http://maven.apache.org/maven-v4_0_0.xsd">
    <modelVersion>4.0.0</modelVersion>

    <parent>
        <groupId>org.jfrog.test</groupId>
        <artifactId>parent</artifactId>
        <version>1</version>
        <relativePath>../pom/bla/pom.xml</relativePath>
    </parent>

    <artifactId>one</artifactId>
    <packaging>pom</packaging>

    <scm>
        <connection>scm:svn:http://subversion.jfrog.org/test/tags/1</connection>
        <developerConnection>scm:svn:http://subversion.jfrog.org/test/tags/1</developerConnection>
        <url>http://subversion.jfrog.org/test/tags/1</url>
    </scm>

</project>
